
   Illuminate\Database\QueryException 

  could not find driver (Connection: mysql, Host: 127.0.0.1, Port: 3306, Database: metra_db, SQL: select * from `users` where `role` = superadmin limit 1)

  at vendor\laravel\framework\src\Illuminate\Database\Connection.php:838
    834▕             $exceptionType = $this->isUniqueConstraintError($e)
    835▕                 ? UniqueConstraintViolationException::class
    836▕                 : QueryException::class;
    837▕ 
  ➜ 838▕             throw new $exceptionType(
    839▕                 $this->getNameWithReadWriteType(),
    840▕                 $query,
    841▕                 $this->prepareBindings($bindings),
    842▕                 $e,

  1   vendor\laravel\framework\src\Illuminate\Database\Connectors\Connector.php:67
      PDOException::("could not find driver")

  2   vendor\laravel\framework\src\Illuminate\Database\Connectors\Connector.php:67
      PDO::connect("mysql:host=127.0.0.1;port=3306;dbname=metra_db", "kenny", Object(SensitiveParameterValue), [])

